[INFO] Scanning for projects...
[INFO] 
[INFO] ---------------< com.loghorizon:loghorizon-any-enchant >----------------
[INFO] Building LogHorizonAnyEnchant 1.0.0-LH1
[INFO]   from pom.xml
[INFO] --------------------------------[ jar ]---------------------------------
[INFO] 
[INFO] --- clean:3.2.0:clean (default-clean) @ loghorizon-any-enchant ---
[INFO] 
[INFO] --- resources:3.4.0:resources (default-resources) @ loghorizon-any-enchant ---
[INFO] Copying 2 resources from src/main/resources to target/classes
[INFO] 
[INFO] --- compiler:3.14.1:compile (default-compile) @ loghorizon-any-enchant ---
[INFO] Recompiling the module because of changed source code.
[INFO] Compiling 5 source files with javac [debug parameters release 25] to target/classes
[INFO] /home/runner/work/LogHorizon/LogHorizon/plugins/LogHorizonAnyEnchant/src/main/java/com/loghorizon/anyenchant/AnyEnchantCommand.java: Some input files use or override a deprecated API.
[INFO] /home/runner/work/LogHorizon/LogHorizon/plugins/LogHorizonAnyEnchant/src/main/java/com/loghorizon/anyenchant/AnyEnchantCommand.java: Recompile with -Xlint:deprecation for details.
[INFO] 
[INFO] --- resources:3.4.0:testResources (default-testResources) @ loghorizon-any-enchant ---
[INFO] skip non existing resourceDirectory /home/runner/work/LogHorizon/LogHorizon/plugins/LogHorizonAnyEnchant/src/test/resources
[INFO] 
[INFO] --- compiler:3.14.1:testCompile (default-testCompile) @ loghorizon-any-enchant ---
[INFO] No sources to compile
[INFO] 
[INFO] --- surefire:3.5.4:test (default-test) @ loghorizon-any-enchant ---
[INFO] No tests to run.
[INFO] 
[INFO] --- jar:3.4.2:jar (default-jar) @ loghorizon-any-enchant ---
[INFO] Building jar: /home/runner/work/LogHorizon/LogHorizon/plugins/LogHorizonAnyEnchant/target/LogHorizonAnyEnchant-1.0.0-LH1.jar
[INFO] ------------------------------------------------------------------------
[INFO] BUILD SUCCESS
[INFO] ------------------------------------------------------------------------
[INFO] Total time:  2.315 s
[INFO] Finished at: 2026-07-31T10:58:32Z
[INFO] ------------------------------------------------------------------------
