[INFO] Scanning for projects...
[INFO] 
[INFO] ----< com.loghorizon:loghorizon-stellarity-b53-altar-carrier-shim >-----
[INFO] Building LogHorizonStellarityB53AltarCarrierShim 0.1.0-B5.3-TEST
[INFO]   from pom.xml
[INFO] --------------------------------[ jar ]---------------------------------
[INFO] 
[INFO] --- clean:3.2.0:clean (default-clean) @ loghorizon-stellarity-b53-altar-carrier-shim ---
[INFO] 
[INFO] --- resources:3.4.0:resources (default-resources) @ loghorizon-stellarity-b53-altar-carrier-shim ---
[INFO] Copying 1 resource from src/main/resources to target/classes
[INFO] 
[INFO] --- compiler:3.14.1:compile (default-compile) @ loghorizon-stellarity-b53-altar-carrier-shim ---
[INFO] Recompiling the module because of changed source code.
[INFO] Compiling 1 source file with javac [debug parameters release 25] to target/classes
[INFO] 
[INFO] --- resources:3.4.0:testResources (default-testResources) @ loghorizon-stellarity-b53-altar-carrier-shim ---
[INFO] skip non existing resourceDirectory /home/runner/work/LogHorizon/LogHorizon/plugins/LogHorizonStellarityB53AltarCarrierShim/src/test/resources
[INFO] 
[INFO] --- compiler:3.14.1:testCompile (default-testCompile) @ loghorizon-stellarity-b53-altar-carrier-shim ---
[INFO] No sources to compile
[INFO] 
[INFO] --- surefire:3.5.4:test (default-test) @ loghorizon-stellarity-b53-altar-carrier-shim ---
[INFO] No tests to run.
[INFO] 
[INFO] --- jar:3.4.2:jar (default-jar) @ loghorizon-stellarity-b53-altar-carrier-shim ---
[INFO] Building jar: /home/runner/work/LogHorizon/LogHorizon/plugins/LogHorizonStellarityB53AltarCarrierShim/target/LogHorizonStellarityB53AltarCarrierShim-0.1.0-B5.3-TEST.jar
[INFO] ------------------------------------------------------------------------
[INFO] BUILD SUCCESS
[INFO] ------------------------------------------------------------------------
[INFO] Total time:  2.727 s
[INFO] Finished at: 2026-09-11T09:54:16Z
[INFO] ------------------------------------------------------------------------
